// Jest Snapshot v1, https://goo.gl/fbAQLP

exports[`HeroImage Discounted price contains discounted class 1`] = `
<div
  className="product-image"
>
  <figure>
    <img
      alt="Axe Keeper Black"
      className="heroImage__Image-sc-1w1rqg8-0 hWmYwM"
      data-colour-name="Black"
      data-large-image="https://images.arcteryx.com/F19/162x205/Atom-LT-Hoody-Black.gif"
      data-small-image="https://images.arcteryx.com/F19/162x205/Atom-LT-Hoody-Black.gif"
      itemType="image"
      src="https://images.arcteryx.com/F19/162x205/Atom-LT-Hoody-Black.gif"
    />
    <figcaption
      className="heroImage__Figcaption-sc-1w1rqg8-1 docTtJ"
    >
      Atom LT Hoody Men's
      k
    </figcaption>
  </figure>
</div>
`;
