// Jest Snapshot v1, https://goo.gl/fbAQLP

exports[`Dirty Little ProductTile Test Renders ProductTile 1`] = `
<DocumentFragment>
  <a
    class="sc-EHOje boeMmq"
    href="/shop/mens/alpha-sv-jacket"
  >
    <h3>
      Alpha SV Jacket Men's
    </h3>
    <img
      src="//placehold.it/250x250"
    />
  </a>
</DocumentFragment>
`;
